* using log directory ‘/home/markus/R/ggpointless/ggpointless.Rcheck’
* using R version 4.3.3 (2024-02-29)
* using platform: x86_64-pc-linux-gnu (64-bit)
* R was compiled by
    gcc (Ubuntu 13.2.0-23ubuntu3) 13.2.0
    GNU Fortran (Ubuntu 13.2.0-23ubuntu3) 13.2.0
* running under: Ubuntu 24.04.4 LTS
* using session charset: UTF-8
* using options ‘--no-tests --no-manual --no-vignettes’
* checking for file ‘ggpointless/DESCRIPTION’ ... OK
* this is package ‘ggpointless’ version ‘0.2.0.990’
* package encoding: UTF-8
* checking package namespace information ... OK
* checking package dependencies ... OK
* checking if this is a source package ... OK
* checking if there is a namespace ... OK
* checking for executable files ... OK
* checking for hidden files and directories ... OK
* checking for portable file names ... OK
* checking for sufficient/correct file permissions ... OK
* checking whether package ‘ggpointless’ can be installed ... OK
* checking installed package size ... OK
* checking package directory ... OK
* checking DESCRIPTION meta-information ... OK
* checking top-level files ... OK
* checking for left-over files ... OK
* checking index information ... OK
* checking package subdirectories ... OK
* checking R files for non-ASCII characters ... OK
* checking R files for syntax errors ... OK
* checking whether the package can be loaded ... OK
* checking whether the package can be loaded with stated dependencies ... OK
* checking whether the package can be unloaded cleanly ... OK
* checking whether the namespace can be loaded with stated dependencies ... OK
* checking whether the namespace can be unloaded cleanly ... OK
* checking loading without being on the library search path ... OK
* checking dependencies in R code ... OK
* checking S3 generic/method consistency ... OK
* checking replacement functions ... OK
* checking foreign function calls ... OK
* checking R code for possible problems ... OK
* checking Rd files ... OK
* checking Rd metadata ... OK
* checking Rd cross-references ... OK
* checking for missing documentation entries ... OK
* checking for code/documentation mismatches ... OK
* checking Rd \usage sections ... OK
* checking Rd contents ... OK
* checking for unstated dependencies in examples ... OK
* checking files in ‘vignettes’ ... WARNING
Files in the 'vignettes' directory but no files in 'inst/doc':
  ‘doppelganger.Rmd’ ‘ggpointless.Rmd’
* checking examples ... ERROR
Running examples in ‘ggpointless-Ex.R’ failed
The error most likely occurred in:

> ### Name: label_cells
> ### Title: Axis labeller for unit-cell charts
> ### Aliases: label_cells
> 
> ### ** Examples
> 
> library(ggplot2)
> df <- data.frame(country = c("A", "B", "C"), pop = c(2.4e6, 1.1e6, 3.8e6))
> ggplot(df, aes(country, pop)) +
+   geom_unit_col(cell_size = 1e6) +
+   scale_y_continuous(labels = label_cells(1e6)) +
+   labs(y = "People (millions; one cell = 1e6)")
> 
> 
> 
> ### * <FOOTER>
> ###
> cleanEx()
> options(digits = 7L)
> base::cat("Time elapsed: ", proc.time() - base::get("ptime", pos = 'CheckExEnv'),"\n")
Time elapsed:  64.448 0.467 71.545 0 0 
> grDevices::dev.off()
free(): invalid next size (normal)
Aborted (core dumped)
* checking for unstated dependencies in ‘tests’ ... OK
* checking tests ... SKIPPED
* checking for unstated dependencies in vignettes ... OK
* checking package vignettes in ‘inst/doc’ ... WARNING
Directory 'inst/doc' does not exist.
Package vignettes without corresponding single PDF/HTML:
  ‘doppelganger.Rmd’
  ‘ggpointless.Rmd’
* checking running R code from vignettes ... SKIPPED
* checking re-building of vignette outputs ... SKIPPED
* DONE
Status: 1 ERROR, 2 WARNINGs
